------------------------------------------------------------
Timing Analyzer Summary
------------------------------------------------------------

Type  : Slow 1100mV 85C Model Setup 'clock_12'
Slack : -4.308
TNS   : -469.496

Type  : Slow 1100mV 85C Model Setup 'CLOCK_50'
Slack : -4.209
TNS   : -205.184

Type  : Slow 1100mV 85C Model Hold 'clock_12'
Slack : 0.273
TNS   : 0.000

Type  : Slow 1100mV 85C Model Hold 'CLOCK_50'
Slack : 0.361
TNS   : 0.000

Type  : Slow 1100mV 85C Model Minimum Pulse Width 'CLOCK_50'
Slack : -0.396
TNS   : -86.148

Type  : Slow 1100mV 85C Model Minimum Pulse Width 'clock_12'
Slack : -0.394
TNS   : -86.795

Type  : Slow 1100mV 0C Model Setup 'clock_12'
Slack : -4.192
TNS   : -458.272

Type  : Slow 1100mV 0C Model Setup 'CLOCK_50'
Slack : -4.121
TNS   : -198.888

Type  : Slow 1100mV 0C Model Hold 'CLOCK_50'
Slack : 0.068
TNS   : 0.000

Type  : Slow 1100mV 0C Model Hold 'clock_12'
Slack : 0.273
TNS   : 0.000

Type  : Slow 1100mV 0C Model Minimum Pulse Width 'CLOCK_50'
Slack : -0.447
TNS   : -92.063

Type  : Slow 1100mV 0C Model Minimum Pulse Width 'clock_12'
Slack : -0.394
TNS   : -85.898

Type  : Fast 1100mV 85C Model Setup 'CLOCK_50'
Slack : -2.821
TNS   : -73.203

Type  : Fast 1100mV 85C Model Setup 'clock_12'
Slack : -2.404
TNS   : -236.535

Type  : Fast 1100mV 85C Model Hold 'clock_12'
Slack : 0.091
TNS   : 0.000

Type  : Fast 1100mV 85C Model Hold 'CLOCK_50'
Slack : 0.166
TNS   : 0.000

Type  : Fast 1100mV 85C Model Minimum Pulse Width 'CLOCK_50'
Slack : -0.477
TNS   : -14.919

Type  : Fast 1100mV 85C Model Minimum Pulse Width 'clock_12'
Slack : -0.044
TNS   : -0.604

Type  : Fast 1100mV 0C Model Setup 'CLOCK_50'
Slack : -2.354
TNS   : -56.278

Type  : Fast 1100mV 0C Model Setup 'clock_12'
Slack : -2.092
TNS   : -208.962

Type  : Fast 1100mV 0C Model Hold 'CLOCK_50'
Slack : -0.076
TNS   : -0.173

Type  : Fast 1100mV 0C Model Hold 'clock_12'
Slack : 0.079
TNS   : 0.000

Type  : Fast 1100mV 0C Model Minimum Pulse Width 'CLOCK_50'
Slack : -0.493
TNS   : -14.631

Type  : Fast 1100mV 0C Model Minimum Pulse Width 'clock_12'
Slack : 0.000
TNS   : 0.000

------------------------------------------------------------
